
   FAIL  Tests\Feature\DeveloperJourneyTest
  Ô¿» developerÔÇª 4.51s  
  ÔöÇÔöÇÔöÇÔöÇÔöÇÔöÇÔöÇÔöÇÔöÇÔöÇÔöÇÔöÇÔöÇÔöÇÔöÇÔöÇÔöÇÔöÇ  
   FAILED  Tests\FÔÇª   
  Expected response status code [200] but received 422.
Failed asserting that 422 is identical to 200.

The following errors occurred during the last request:

{
    "message": "Le champ content est obligatoire.",
    "errors": {
        "content": [
            "Le champ content est obligatoire."
        ]
    }
}

  at tests\Feature\DeveloperJourneyTest.php:69
     65Ôûò                     'html' => '<h1>It works!</h1>'
     66Ôûò                 ]);
     67Ôûò 
     68Ôûò         // 5. Verify API Response
  Ô×£  69Ôûò         $response->assertStatus(200);
     70Ôûò         $response->assertJson([
     71Ôûò             'message' => 'Email queued successfully'
     72Ôûò         ]);
     73Ôûò


  Tests:    1 failed (5 assertions)
  Duration: 9.49s

